Timestamp response: json_normalise
    humidity.S temperature.S                 timestamp.S
0        56.00         17.83  2023-04-28 08:24:58.170520
1        56.00         17.88  2023-04-28 08:31:49.965333
2        56.00         18.47  2023-04-28 15:55:04.357186
3        56.00         18.06  2023-04-28 10:20:04.689139
4        56.00         18.05  2023-04-28 10:35:03.995703
..         ...           ...                         ...
116      56.00         18.67  2023-04-28 17:00:04.247723
117      56.00         18.13  2023-04-28 12:25:03.966882
118      56.00         18.49  2023-04-28 16:00:03.772307
119      56.00         18.45  2023-04-28 15:50:03.922470
120      56.00         18.16  2023-04-28 10:30:04.549841

[121 rows x 3 columns]
Done
